// Jest Snapshot v1, https://goo.gl/fbAQLP

exports[`Heading Heading 1`] = `
<h1
  className="sc-AykKC bVbzdD"
>
  hello
</h1>
`;

exports[`Heading Heading with trailing text 1`] = `
<h1
  className="sc-AykKC bVbzdD"
>
  hello
</h1>
`;
